// Vitest Snapshot v1

exports[`<InputBox /> > renders 1`] = `
<div>
  <div
    class="w-full flex flex-wrap bg-stone-200 gap-x-4 p-4 border-t border-gray-500"
  >
    <input
      autofocus=""
      class="flex-grow border-stone-600"
      data-testid="input"
      placeholder="type a message..."
    />
    <button
      class="mr-4"
    >
      Send
    </button>
    <!--#-->
    
    <!--/-->
  </div>
</div>
`;
